// Jest Snapshot v1, https://goo.gl/fbAQLP

exports[`renders 1`] = `
<div
  style={Object {}}
>
  <div
    style={Object {}}
  >
    <label
      htmlFor="SelectCheckboxInput_22"
      style={Object {}}
    >
      <input
        checked={false}
        id="SelectCheckboxInput_22"
        onChange={[Function]}
        readOnly={false}
        style={Object {}}
        type="checkbox"
        value="a"
      />
      A
    </label>
  </div>
  <div
    style={Object {}}
  >
    <label
      htmlFor="SelectCheckboxInput_23"
      style={Object {}}
    >
      <input
        checked={false}
        id="SelectCheckboxInput_23"
        onChange={[Function]}
        readOnly={false}
        style={Object {}}
        type="checkbox"
        value="b"
      />
      B
    </label>
  </div>
  <div
    style={Object {}}
  >
    <label
      htmlFor="SelectCheckboxInput_24"
      style={Object {}}
    >
      <input
        checked={false}
        id="SelectCheckboxInput_24"
        onChange={[Function]}
        readOnly={false}
        style={Object {}}
        type="checkbox"
        value="c"
      />
      C
    </label>
  </div>
</div>
`;
